// Jest Snapshot v1, https://goo.gl/fbAQLP

exports[`App should render renders correctly 1`] = `
<div
  className="App"
>
  <div>
    <a
      href="https://vitejs.dev"
      target="_blank"
    >
      <img
        alt="Vite logo"
        className="logo"
        src="test-file-stub"
      />
    </a>
    <a
      href="https://reactjs.org"
      target="_blank"
    >
      <img
        alt="React logo"
        className="logo react"
        src="test-file-stub"
      />
    </a>
  </div>
  <h1>
    Vite + React
  </h1>
  <div
    className="card"
  >
    <button
      onClick={[Function]}
    >
      count is 
      0
    </button>
  </div>
  <div
    className="card"
  >
    <p>
      <input
        onChange={[Function]}
        type="text"
      />
       
      <br />
      <strong>
        state input
      </strong>
      : 
    </p>
  </div>
  <div
    className="card"
  >
    <button
      onClick={[Function]}
      type="button"
    >
      <input
        onChange={[Function]}
        onClick={[Function]}
        type="text"
      />
       
      Add number 
      0
    </button>
  </div>
  <p
    className="read-the-docs"
  >
    Click on the Vite and React logos to learn more
  </p>
</div>
`;
